ARG REPO=mcr.microsoft.com/dotnet/runtime

# Installer image
FROM mcr.microsoft.com/azurelinux/base/core:3.0 AS installer

ARG ACCESSTOKEN

RUN tdnf install -y \
        ca-certificates \
        gzip \
        tar \
    && tdnf clean all

# Retrieve ASP.NET Core
RUN aspnetcore_version=0.0.0 \
    && aspnetcore_build_version=$aspnetcore_version \
    && curl --header "Authorization: Bearer $ACCESSTOKEN" --header "x-ms-version: 2017-11-09" --fail --show-error --location \
        --remote-name https://dotnetstage.blob.core.windows.net/aspnetcore/Runtime/$aspnetcore_build_version/aspnetcore-runtime-$aspnetcore_build_version-linux-x64.tar.gz \
        --remote-name https://dotnetstage.blob.core.windows.net/aspnetcore/Runtime/$aspnetcore_build_version/aspnetcore-runtime-$aspnetcore_build_version-linux-x64.tar.gz.sha512 \
    && echo "$(cat aspnetcore-runtime-$aspnetcore_build_version-linux-x64.tar.gz.sha512)  aspnetcore-runtime-$aspnetcore_build_version-linux-x64.tar.gz" | sha512sum -c - \
    && mkdir --parents /dotnet \
    && tar --gzip --extract --no-same-owner --file aspnetcore-runtime-$aspnetcore_build_version-linux-x64.tar.gz --directory /dotnet ./shared/Microsoft.AspNetCore.App \
    && rm \
        aspnetcore-runtime-$aspnetcore_build_version-linux-x64.tar.gz \
        aspnetcore-runtime-$aspnetcore_build_version-linux-x64.tar.gz.sha512


# ASP.NET Core image
FROM $REPO:0.0.0-azurelinux3.0-distroless-amd64

# ASP.NET Core version
ENV ASPNET_VERSION=0.0.0

COPY --from=installer ["/dotnet", "/usr/share/dotnet"]
