ARG REPO=mcr.microsoft.com/dotnet/runtime

# Installer image
FROM $REPO:0.0.0-alpine3.XX-amd64 AS installer

ARG ACCESSTOKEN

# Retrieve ASP.NET Core
RUN aspnetcore_version=0.0.0 \
    && wget --header="Authorization: Basic `echo $ACCESSTOKEN:$ACCESSTOKEN | base64 -w 0`" -O aspnetcore.tar.gz "https://artifacts.visualstudio.com/aspnetcore/Runtime/$aspnetcore_version/aspnetcore-runtime-$aspnetcore_version-linux-musl-x64.tar.gz" \
    && aspnetcore_sha512='{sha512_placeholder}' \
    && echo "$aspnetcore_sha512  aspnetcore.tar.gz" | sha512sum -c - \
    && tar -oxzf aspnetcore.tar.gz ./shared/Microsoft.AspNetCore.App \
    && rm aspnetcore.tar.gz


# ASP.NET Core image
FROM $REPO:0.0.0-alpine3.XX-amd64

# ASP.NET Core version
ENV ASPNET_VERSION=0.0.0

COPY --from=installer ["/shared/Microsoft.AspNetCore.App", "/usr/share/dotnet/shared/Microsoft.AspNetCore.App"]
