# escape=`

ARG REPO=mcr.microsoft.com/dotnet/runtime

# Installer image
FROM mcr.microsoft.com/windows/servercore:ltsc2019-amd64 AS installer

ARG ACCESSTOKEN

# Install ASP.NET Core Runtime
RUN powershell -Command `
        $ErrorActionPreference = 'Stop'; `
        $ProgressPreference = 'SilentlyContinue'; `
        `
        $aspnetcore_version = '0.0.0'; `
        `
        $Base64AuthInfo = [Convert]::ToBase64String([Text.Encoding]::ASCII.GetBytes(\":$($Env:ACCESSTOKEN)\")); `
        $Headers = @{Authorization = \"Basic $Base64AuthInfo\"}; `
        Invoke-WebRequest -OutFile aspnetcore.zip \"https://artifacts.visualstudio.com/aspnetcore/Runtime/$aspnetcore_version/aspnetcore-runtime-$aspnetcore_version-win-x64.zip\" -Headers $Headers; `
        `
        $aspnetcore_sha512 = '{sha512_placeholder}'; `
        if ((Get-FileHash aspnetcore.zip -Algorithm sha512).Hash -ne $aspnetcore_sha512) { `
            Write-Host 'CHECKSUM VERIFICATION FAILED!'; `
            exit 1; `
        }; `
        `
        mkdir dotnet/shared/Microsoft.AspNetCore.App; `
        tar -oxzf aspnetcore.zip -C dotnet ./shared/Microsoft.AspNetCore.App; `
        Remove-Item -Force aspnetcore.zip


# ASP.NET Core image
FROM $REPO:0.0.0-windowsservercore-ltsc2019

# ASP.NET Core version
ENV ASPNET_VERSION=0.0.0

COPY --from=installer ["/dotnet/shared/Microsoft.AspNetCore.App", "/Program Files/dotnet/shared/Microsoft.AspNetCore.App"]
