ARG REPO=mcr.microsoft.com/dotnet/runtime-deps

# Installer image
FROM mcr.microsoft.com/azurelinux/base/core:3.0 AS installer

ARG ACCESSTOKEN

RUN tdnf install -y \
        ca-certificates \
        gzip \
        tar \
    && tdnf clean all

# Retrieve ASP.NET Composite Runtime
RUN aspnetcore_version=0.0.0  \
    && curl -u :$ACCESSTOKEN --basic -fSL --output dotnet.tar.gz "https://artifacts.visualstudio.com/aspnetcore/Runtime/$aspnetcore_version/aspnetcore-runtime-composite-$aspnetcore_version-linux-arm64.tar.gz" \
    && dotnet_sha512='{sha512_placeholder}' \
    && echo "$dotnet_sha512  dotnet.tar.gz" | sha512sum -c - \
    && mkdir -p /usr/share/dotnet \
    && tar -oxzf dotnet.tar.gz -C /usr/share/dotnet \
    && rm dotnet.tar.gz

RUN mkdir /dotnet-symlink \
    && ln -s /usr/share/dotnet/dotnet /dotnet-symlink/dotnet


# ASP.NET Composite Image
FROM $REPO:0.0.0-azurelinux3.0-distroless-arm64v8

ENV \
    # .NET Runtime version
    DOTNET_VERSION=0.0.0 \
    # ASP.NET Core version
    ASPNET_VERSION=0.0.0

COPY --from=installer ["/usr/share/dotnet", "/usr/share/dotnet"]
COPY --from=installer ["/dotnet-symlink", "/usr/bin"]

ENTRYPOINT ["/usr/bin/dotnet"]
CMD ["--info"]
