ARG REPO=mcr.microsoft.com/dotnet/runtime-deps

# Installer image
FROM arm32v7/buildpack-deps:jammy-curl AS installer

ARG ACCESSTOKEN

# Retrieve ASP.NET Composite Runtime
RUN aspnetcore_version=0.0.0 \
    && aspnetcore_build_version=$aspnetcore_version \
    && curl --header "Authorization: Bearer $ACCESSTOKEN" --header "x-ms-version: 2017-11-09" --fail --show-error --location \
        --remote-name https://dotnetstage.blob.core.windows.net/aspnetcore/Runtime/$aspnetcore_build_version/aspnetcore-runtime-composite-$aspnetcore_build_version-linux-arm.tar.gz \
        --remote-name https://dotnetstage.blob.core.windows.net/aspnetcore/Runtime/$aspnetcore_build_version/aspnetcore-runtime-composite-$aspnetcore_build_version-linux-arm.tar.gz.sha512 \
    && echo "$(cat aspnetcore-runtime-composite-$aspnetcore_build_version-linux-arm.tar.gz.sha512)  aspnetcore-runtime-composite-$aspnetcore_build_version-linux-arm.tar.gz" | sha512sum -c - \
    && mkdir --parents /usr/share/dotnet \
    && tar --gzip --extract --no-same-owner --file aspnetcore-runtime-composite-$aspnetcore_build_version-linux-arm.tar.gz --directory /usr/share/dotnet \
    && rm \
        aspnetcore-runtime-composite-$aspnetcore_build_version-linux-arm.tar.gz \
        aspnetcore-runtime-composite-$aspnetcore_build_version-linux-arm.tar.gz.sha512

RUN mkdir /dotnet-symlink \
    && ln -s /usr/share/dotnet/dotnet /dotnet-symlink/dotnet


# ASP.NET Composite Image
FROM $REPO:0.0.0-jammy-chiseled-arm32v7

ENV \
    # .NET Runtime version
    DOTNET_VERSION=0.0.0 \
    # ASP.NET Core version
    ASPNET_VERSION=0.0.0

COPY --from=installer ["/usr/share/dotnet", "/usr/share/dotnet"]
COPY --from=installer ["/dotnet-symlink", "/usr/bin"]

ENTRYPOINT ["/usr/bin/dotnet"]
CMD ["--info"]
