ARG REPO=mcr.microsoft.com/dotnet/runtime-deps

# Installer image
FROM mcr.microsoft.com/cbl-mariner/base/core:2.0 AS installer

ARG ACCESSTOKEN

RUN tdnf install -y \
        ca-certificates \
        gzip \
        tar \
    && tdnf clean all

# Retrieve ASP.NET Composite Runtime
RUN aspnetcore_version=0.0.0 \
    && curl --header "Authorization: Bearer $ACCESSTOKEN" --header "x-ms-version: 2017-11-09" --fail --show-error --location --output dotnet.tar.gz https://dotnetstage.blob.core.windows.net/aspnetcore/Runtime/$aspnetcore_version/aspnetcore-runtime-composite-$aspnetcore_version-linux-x64.tar.gz \
    && dotnet_sha512='{sha512_placeholder}' \
    && echo "$dotnet_sha512  dotnet.tar.gz" | sha512sum -c - \
    && mkdir --parents /usr/share/dotnet \
    && tar --gzip --extract --no-same-owner --file dotnet.tar.gz --directory /usr/share/dotnet \
    && rm dotnet.tar.gz

RUN mkdir /dotnet-symlink \
    && ln -s /usr/share/dotnet/dotnet /dotnet-symlink/dotnet


# ASP.NET Composite Image
FROM $REPO:0.0.0-cbl-mariner2.0-distroless-amd64

ENV \
    # .NET Runtime version
    DOTNET_VERSION=0.0.0 \
    # ASP.NET Core version
    ASPNET_VERSION=0.0.0

COPY --from=installer ["/usr/share/dotnet", "/usr/share/dotnet"]
COPY --from=installer ["/dotnet-symlink", "/usr/bin"]

ENTRYPOINT ["/usr/bin/dotnet"]
CMD ["--info"]
