ARG REPO=mcr.microsoft.com/dotnet/runtime

# Installer image
FROM arm32v7/buildpack-deps:jammy-curl AS installer

ARG ACCESSTOKEN

# Retrieve ASP.NET Core
RUN aspnetcore_version=0.0.0 \
    && curl -u :$ACCESSTOKEN --basic -fSL --output aspnetcore.tar.gz "https://artifacts.visualstudio.com/aspnetcore/Runtime/$aspnetcore_version/aspnetcore-runtime-$aspnetcore_version-linux-arm.tar.gz" \
    && aspnetcore_sha512='{sha512_placeholder}' \
    && echo "$aspnetcore_sha512  aspnetcore.tar.gz" | sha512sum -c - \
    && tar -oxzf aspnetcore.tar.gz ./shared/Microsoft.AspNetCore.App \
    && rm aspnetcore.tar.gz


# ASP.NET Core image
FROM $REPO:0.0.0-noble-arm32v7

# ASP.NET Core version
ENV ASPNET_VERSION=0.0.0

COPY --from=installer ["/shared/Microsoft.AspNetCore.App", "/usr/share/dotnet/shared/Microsoft.AspNetCore.App"]
