ARG REPO=mcr.microsoft.com/dotnet/runtime-deps

# Installer image
FROM $REPO:0.0.0-alpine3.XX-amd64 AS installer

ARG ACCESSTOKEN

# Retrieve ASP.NET Composite Runtime
RUN aspnetcore_version=0.0.0 \
    && wget --header "Authorization: Bearer $ACCESSTOKEN" --header "x-ms-version: 2017-11-09" \
        https://dotnetstage.blob.core.windows.net/aspnetcore/Runtime/$aspnetcore_version/aspnetcore-runtime-composite-$aspnetcore_version-linux-musl-x64.tar.gz \
        https://dotnetstage.blob.core.windows.net/aspnetcore/Runtime/$aspnetcore_version/aspnetcore-runtime-composite-$aspnetcore_version-linux-musl-x64.tar.gz.sha512 \
    && echo "$(cat aspnetcore-runtime-composite-$aspnetcore_version-linux-musl-x64.tar.gz.sha512)  aspnetcore-runtime-composite-$aspnetcore_version-linux-musl-x64.tar.gz" | sha512sum -c - \
    && mkdir --parents /dotnet \
    && tar --gzip --extract --no-same-owner --file aspnetcore-runtime-composite-$aspnetcore_version-linux-musl-x64.tar.gz --directory /dotnet \
    && rm \
        aspnetcore-runtime-composite-$aspnetcore_version-linux-musl-x64.tar.gz \
        aspnetcore-runtime-composite-$aspnetcore_version-linux-musl-x64.tar.gz.sha512


# ASP.NET Composite Image
FROM $REPO:0.0.0-alpine3.XX-amd64

ENV \
    # .NET Runtime version
    DOTNET_VERSION=0.0.0 \
    # ASP.NET Core version
    ASPNET_VERSION=0.0.0

COPY --from=installer ["/dotnet", "/usr/share/dotnet"]
RUN ln -s /usr/share/dotnet/dotnet /usr/bin/dotnet
