ARG REPO=mcr.microsoft.com/dotnet/runtime

# Installer image
FROM $REPO:0.0.0-preview.1-azurelinux3.0-amd64 AS installer

ARG ACCESSTOKEN

RUN tdnf install -y \
        tar \
    && tdnf clean all

# Retrieve ASP.NET Core
RUN aspnetcore_version=0.0.0 \
    && curl -u :$ACCESSTOKEN --basic -fSL --output aspnetcore.tar.gz "https://artifacts.visualstudio.com/aspnetcore/Runtime/$aspnetcore_version/aspnetcore-runtime-$aspnetcore_version-linux-x64.tar.gz" \
    && aspnetcore_sha512='{sha512_placeholder}' \
    && echo "$aspnetcore_sha512  aspnetcore.tar.gz" | sha512sum -c - \
    && tar -oxzf aspnetcore.tar.gz ./shared/Microsoft.AspNetCore.App \
    && rm aspnetcore.tar.gz


# ASP.NET Core image
FROM $REPO:0.0.0-preview.1-azurelinux3.0-amd64

# ASP.NET Core version
ENV ASPNET_VERSION=0.0.0

COPY --from=installer ["/shared/Microsoft.AspNetCore.App", "/usr/share/dotnet/shared/Microsoft.AspNetCore.App"]
