ARG REPO=mcr.microsoft.com/dotnet/monitor/base

# Installer image
FROM arm64v8/buildpack-deps:jammy-curl AS installer

# Retrieve .NET Monitor extensions
RUN dotnet_monitor_extension_version=0.0.0 \
    && curl --header "Authorization: Bearer $ACCESSTOKEN" --header "x-ms-version: 2017-11-09" --fail --show-error --location  \
        --output dotnet-monitor-egress-azureblobstorage.tar.gz https://dotnetstage.blob.core.windows.net/diagnostics/monitor/0.0.0/dotnet-monitor-egress-azureblobstorage-$dotnet_monitor_extension_version-linux-arm64.tar.gz \
        --output dotnet-monitor-egress-s3storage.tar.gz https://dotnetstage.blob.core.windows.net/diagnostics/monitor/0.0.0/dotnet-monitor-egress-s3storage-$dotnet_monitor_extension_version-linux-arm64.tar.gz \
    && dotnet_monitor_azureblobstorage_sha512='{sha512_placeholder}' \
    && echo "$dotnet_monitor_azureblobstorage_sha512  dotnet-monitor-egress-azureblobstorage.tar.gz" | sha512sum -c - \
    && dotnet_monitor_s3storage_sha512='{sha512_placeholder}' \
    && echo "$dotnet_monitor_s3storage_sha512  dotnet-monitor-egress-s3storage.tar.gz" | sha512sum -c - \
    && mkdir --parents /app \
    && tar --gzip --extract --no-same-owner --file dotnet-monitor-egress-azureblobstorage.tar.gz --directory /app \
    && rm dotnet-monitor-egress-azureblobstorage.tar.gz \
    && tar --gzip --extract --no-same-owner --file dotnet-monitor-egress-s3storage.tar.gz --directory /app \
    && rm dotnet-monitor-egress-s3storage.tar.gz


# .NET Monitor image
FROM $REPO:0.0.0-ubuntu-chiseled-arm64v8

COPY --from=installer ["/app", "/app"]
