ARG REPO=mcr.microsoft.com/dotnet/monitor/base

# Installer image
FROM mcr.microsoft.com/cbl-mariner/base/core:2.0 AS installer

RUN tdnf install -y \
        ca-certificates \
        gzip \
        tar \
    && tdnf clean all

# Retrieve .NET Monitor extensions
RUN dotnet_monitor_extension_version=0.0.0 \
    && curl -u :$ACCESSTOKEN --basic -fSL --output dotnet-monitor-egress-azureblobstorage.tar.gz "https://artifacts.visualstudio.com/diagnostics/monitor/$dotnet_monitor_extension_version/dotnet-monitor-egress-azureblobstorage-$dotnet_monitor_extension_version-linux-arm64.tar.gz" \
    && dotnet_monitor_extension_sha512='{sha512_placeholder}' \
    && echo "$dotnet_monitor_extension_sha512  dotnet-monitor-egress-azureblobstorage.tar.gz" | sha512sum -c - \
    \
    && curl -u :$ACCESSTOKEN --basic -fSL --output dotnet-monitor-egress-s3storage.tar.gz "https://artifacts.visualstudio.com/diagnostics/monitor/$dotnet_monitor_extension_version/dotnet-monitor-egress-s3storage-$dotnet_monitor_extension_version-linux-arm64.tar.gz" \
    && dotnet_monitor_extension_sha512='{sha512_placeholder}' \
    && echo "$dotnet_monitor_extension_sha512  dotnet-monitor-egress-s3storage.tar.gz" | sha512sum -c - \
    \
    && mkdir -p /app \
    && tar -oxzf dotnet-monitor-egress-azureblobstorage.tar.gz -C /app \
    && rm dotnet-monitor-egress-azureblobstorage.tar.gz \
    && tar -oxzf dotnet-monitor-egress-s3storage.tar.gz -C /app \
    && rm dotnet-monitor-egress-s3storage.tar.gz


# .NET Monitor image
FROM $REPO:0.0.0-cbl-mariner-distroless-arm64v8

COPY --from=installer ["/app", "/app"]
