# escape=`

# Installer image
FROM mcr.microsoft.com/windows/servercore:ltsc2019-amd64 AS installer

ARG ACCESSTOKEN

# Retrieve .NET Runtime
RUN powershell -Command `
        $ErrorActionPreference = 'Stop'; `
        $ProgressPreference = 'SilentlyContinue'; `
        `
        $dotnet_version = '0.0.0'; `
        `
        $Base64AuthInfo = [Convert]::ToBase64String([Text.Encoding]::ASCII.GetBytes(\":$($Env:ACCESSTOKEN)\")); `
        $Headers = @{Authorization = \"Basic $Base64AuthInfo\"}; `
        Invoke-WebRequest -OutFile dotnet.zip \"https://artifacts.visualstudio.com/Runtime/$dotnet_version/dotnet-runtime-$dotnet_version-win-x64.zip\" -Headers $Headers; `
        `
        $dotnet_sha512 = '{sha512_placeholder}'; `
        if ((Get-FileHash dotnet.zip -Algorithm sha512).Hash -ne $dotnet_sha512) { `
            Write-Host 'CHECKSUM VERIFICATION FAILED!'; `
            exit 1; `
        }; `
        `
        mkdir dotnet; `
        tar -oxzf dotnet.zip -C dotnet; `
        Remove-Item -Force dotnet.zip


# Runtime image
FROM mcr.microsoft.com/windows/servercore:ltsc2019-amd64

ENV `
    # Configure web servers to bind to port 8080 when present
    ASPNETCORE_HTTP_PORTS=8080 `
    # Enable detection of running in a container
    DOTNET_RUNNING_IN_CONTAINER=true `
    # .NET Runtime version
    DOTNET_VERSION=0.0.0

RUN setx /M PATH "%PATH%;C:\Program Files\dotnet"

COPY --from=installer ["/dotnet", "/Program Files/dotnet"]
