ARG REPO=mcr.microsoft.com/dotnet/runtime-deps

# Installer image
FROM arm64v8/buildpack-deps:jammy-curl AS installer

ARG ACCESSTOKEN

# Retrieve .NET Runtime
RUN dotnet_version=0.0.0 \
    && curl -u :$ACCESSTOKEN --basic -fSL --output dotnet.tar.gz "https://artifacts.visualstudio.com/Runtime/$dotnet_version/dotnet-runtime-$dotnet_version-linux-arm64.tar.gz" \
    && dotnet_sha512='{sha512_placeholder}' \
    && echo "$dotnet_sha512  dotnet.tar.gz" | sha512sum -c - \
    && mkdir -p /dotnet \
    && tar -oxzf dotnet.tar.gz -C /dotnet \
    && rm dotnet.tar.gz


# .NET runtime image
FROM $REPO:0.0.0-jammy-arm64v8

# .NET Runtime version
ENV DOTNET_VERSION=0.0.0

COPY --from=installer ["/dotnet", "/usr/share/dotnet"]

RUN ln -s /usr/share/dotnet/dotnet /usr/bin/dotnet
