ARG REPO=mcr.microsoft.com/dotnet/runtime-deps

# Installer image
FROM mcr.microsoft.com/cbl-mariner/base/core:2.0 AS installer

ARG ACCESSTOKEN

RUN tdnf install -y \
        ca-certificates \
        gzip \
        tar \
    && tdnf clean all

# Retrieve .NET Runtime
RUN dotnet_version=0.0.0 \
    && curl -u :$ACCESSTOKEN --basic -fSL --output dotnet.tar.gz "https://artifacts.visualstudio.com/Runtime/$dotnet_version/dotnet-runtime-$dotnet_version-linux-x64.tar.gz" \
    && dotnet_sha512='{sha512_placeholder}' \
    && echo "$dotnet_sha512  dotnet.tar.gz" | sha512sum -c - \
    && mkdir -p /usr/share/dotnet \
    && tar -oxzf dotnet.tar.gz -C /usr/share/dotnet \
    && rm dotnet.tar.gz

RUN mkdir /dotnet-symlink \
    && ln -s /usr/share/dotnet/dotnet /dotnet-symlink/dotnet


# .NET runtime image
FROM $REPO:0.0.0-cbl-mariner2.0-distroless-amd64

# .NET Runtime version
ENV DOTNET_VERSION=0.0.0

COPY --from=installer ["/usr/share/dotnet", "/usr/share/dotnet"]
COPY --from=installer ["/dotnet-symlink", "/usr/bin"]

ENTRYPOINT ["/usr/bin/dotnet"]
CMD ["--info"]
