ARG REPO=mcr.microsoft.com/dotnet/runtime-deps

# Installer image
FROM $REPO:0.0.0-preview.1-alpine3.XX-amd64 AS installer

ARG ACCESSTOKEN

# Retrieve .NET Runtime
RUN dotnet_version=0.0.0 \
    && wget --header="Authorization: Basic `echo $ACCESSTOKEN:$ACCESSTOKEN | base64 -w 0`" -O dotnet.tar.gz "https://artifacts.visualstudio.com/Runtime/$dotnet_version/dotnet-runtime-$dotnet_version-linux-musl-x64.tar.gz" \
    && dotnet_sha512='{sha512_placeholder}' \
    && echo "$dotnet_sha512  dotnet.tar.gz" | sha512sum -c - \
    && mkdir -p /dotnet \
    && tar -oxzf dotnet.tar.gz -C /dotnet \
    && rm dotnet.tar.gz


# .NET runtime image
FROM $REPO:0.0.0-preview.1-alpine3.XX-amd64

# .NET Runtime version
ENV DOTNET_VERSION=0.0.0

COPY --from=installer ["/dotnet", "/usr/share/dotnet"]

RUN ln -s /usr/share/dotnet/dotnet /usr/bin/dotnet
