# syntax=docker/dockerfile:1
ARG REPO=mcr.microsoft.com/dotnet/sdk
FROM $REPO:0.0.0-trixie-slim-arm64v8

RUN apt-get update \
    && apt-get install --assume-yes --no-install-recommends \
        clang \
        llvm \
        zlib1g-dev \
    && rm --recursive --force /var/lib/apt/lists/*
