# escape=`

ARG REPO=mcr.microsoft.com/dotnet/aspnet

# Installer image
FROM mcr.microsoft.com/windows/servercore:ltsc2019-amd64 AS installer

ARG ACCESSTOKEN

# Download MinGit
RUN powershell -Command " `
        $ErrorActionPreference = 'Stop'; `
        $ProgressPreference = 'SilentlyContinue'; `
        `
        Invoke-WebRequest -OutFile mingit.zip https://github.com/git-for-windows/git/releases/download/v0.0.0.windows.0/MinGit-0.0.0.2-64-bit.zip; `
        $mingit_sha256 = '{sha256_placeholder}'; `
        if ((Get-FileHash mingit.zip -Algorithm sha256).Hash -ne $mingit_sha256) { `
            Write-Host 'CHECKSUM VERIFICATION FAILED!'; `
            exit 1; `
        }; `
        mkdir MinGit; `
        tar -oxzf mingit.zip -C MinGit; `
        Remove-Item -Force mingit.zip"

SHELL ["powershell", "-command"]
RUN `
        $ErrorActionPreference = 'Stop'; `
        $ProgressPreference = 'SilentlyContinue'; `
        `
        # Retrieve .NET SDK
        $sdk_version = '0.0.0'; `
        `
        $Base64AuthInfo = [Convert]::ToBase64String([Text.Encoding]::ASCII.GetBytes(\":$($Env:ACCESSTOKEN)\")); `
        $Headers = @{Authorization = \"Basic $Base64AuthInfo\"}; `
        Invoke-WebRequest -OutFile dotnet.zip \"https://artifacts.visualstudio.com/Sdk/$sdk_version/dotnet-sdk-$sdk_version-win-x64.zip\" -Headers $Headers; `
        `
        $dotnet_sha512 = '{sha512_placeholder}'; `
        if ((Get-FileHash dotnet.zip -Algorithm sha512).Hash -ne $dotnet_sha512) { `
            Write-Host 'CHECKSUM VERIFICATION FAILED!'; `
            exit 1; `
        }; `
        mkdir dotnet; `
        tar -oxzf dotnet.zip -C dotnet; `
        Remove-Item -Force dotnet.zip; `
        `
        # Install PowerShell global tool
        $powershell_version = '0.0.0'; `
        Invoke-WebRequest -OutFile PowerShell.Windows.x64.$powershell_version.nupkg https://powershellinfraartifacts-gkhedzdeaghdezhr.z01.azurefd.net/tool/$powershell_version/PowerShell.Windows.x64.$powershell_version.nupkg; `
        $powershell_sha512 = '{sha512_placeholder}'; `
        if ((Get-FileHash PowerShell.Windows.x64.$powershell_version.nupkg -Algorithm sha512).Hash -ne $powershell_sha512) { `
            Write-Host 'CHECKSUM VERIFICATION FAILED!'; `
            exit 1; `
        }; `
        & \dotnet\dotnet tool install --add-source . --tool-path \powershell --version $powershell_version PowerShell.Windows.x64; `
        & \dotnet\dotnet nuget locals all --clear; `
        Remove-Item -Force PowerShell.Windows.x64.$powershell_version.nupkg; `
        Remove-Item -Path \powershell\.store\powershell.windows.x64\$powershell_version\powershell.windows.x64\$powershell_version\powershell.windows.x64.$powershell_version.nupkg -Force; `
        `
        # Delete everything in the dotnet folder that's not needed in the SDK layer but will instead be derived from base layers
        Get-ChildItem -Exclude 'LICENSE.txt','ThirdPartyNotices.txt','packs','sdk','sdk-manifests','templates','shared' -Path dotnet `
            | Remove-Item -Force -Recurse; `
        Get-ChildItem -Exclude 'Microsoft.WindowsDesktop.App' -Path dotnet\shared `
            | Remove-Item -Force -Recurse

# SDK image
FROM $REPO:0.0.0-preview.1-windowsservercore-ltsc2019

ENV `
    # Do not generate certificate
    DOTNET_GENERATE_ASPNET_CERTIFICATE=false `
    # Do not show first run text
    DOTNET_NOLOGO=true `
    # SDK version
    DOTNET_SDK_VERSION=0.0.0 `
    # Enable correct mode for dotnet watch (only mode supported in a container)
    DOTNET_USE_POLLING_FILE_WATCHER=true `
    # Skip extraction of XML docs - generally not useful within an image/container - helps performance
    NUGET_XMLDOC_MODE=skip `
    # PowerShell telemetry for docker image usage
    POWERSHELL_DISTRIBUTION_CHANNEL=PSDocker-DotnetSDK-WindowsServerCore-ltsc2019 `
    # Workaround for https://github.com/PowerShell/PowerShell/issues/20685
    DOTNET_ROLL_FORWARD=Major

RUN setx /M PATH "%PATH%;C:\Program Files\powershell;C:\Program Files\MinGit\cmd"

COPY --from=installer ["/dotnet", "/Program Files/dotnet"]
COPY --from=installer ["/powershell", "/Program Files/powershell"]
COPY --from=installer ["/MinGit", "/Program Files/MinGit"]

# Trigger first run experience by running arbitrary cmd
RUN dotnet help
