ARG REPO=mcr.microsoft.com/dotnet/aspnet
# Installer image
FROM $REPO:0.0.0-alpine3.XX-arm32v7 AS installer

ARG ACCESSTOKEN

# Install .NET SDK
RUN dotnet_sdk_version=0.0.0 \
    && dotnet_sdk_build_version=$dotnet_sdk_version \
    && wget --header "Authorization: Bearer $ACCESSTOKEN" --header "x-ms-version: 2017-11-09" \
        https://dotnetstage.blob.core.windows.net/Sdk/$dotnet_sdk_build_version/dotnet-sdk-$dotnet_sdk_build_version-linux-musl-arm.tar.gz \
        https://dotnetstage.blob.core.windows.net/Sdk/$dotnet_sdk_build_version/dotnet-sdk-$dotnet_sdk_build_version-linux-musl-arm.tar.gz.sha512 \
    && echo "$(cat dotnet-sdk-$dotnet_sdk_build_version-linux-musl-arm.tar.gz.sha512)  dotnet-sdk-$dotnet_sdk_build_version-linux-musl-arm.tar.gz" | sha512sum -c - \
    && mkdir --parents /dotnet \
    && tar --gzip --extract --no-same-owner --file dotnet-sdk-$dotnet_sdk_build_version-linux-musl-arm.tar.gz --directory /dotnet ./packs ./sdk ./sdk-manifests ./templates ./LICENSE.txt ./ThirdPartyNotices.txt \
    && rm \
        dotnet-sdk-$dotnet_sdk_build_version-linux-musl-arm.tar.gz \
        dotnet-sdk-$dotnet_sdk_build_version-linux-musl-arm.tar.gz.sha512


# .NET SDK image
FROM $REPO:0.0.0-alpine3.XX-arm32v7

ENV \
    # Do not generate certificate
    DOTNET_GENERATE_ASPNET_CERTIFICATE=false \
    # Do not show first run text
    DOTNET_NOLOGO=true \
    # SDK version
    DOTNET_SDK_VERSION=0.0.0 \
    # Disable the invariant mode (set in base image)
    DOTNET_SYSTEM_GLOBALIZATION_INVARIANT=false \
    # Enable correct mode for dotnet watch (only mode supported in a container)
    DOTNET_USE_POLLING_FILE_WATCHER=true \
    # Skip extraction of XML docs - generally not useful within an image/container - helps performance
    NUGET_XMLDOC_MODE=skip \
    # PowerShell telemetry for docker image usage
    POWERSHELL_DISTRIBUTION_CHANNEL=PSDocker-DotnetSDK-Alpine-3.22-arm32

RUN apk add --upgrade --no-cache \
        curl \
        git \
        icu-data-full \
        icu-libs \
        libatomic \
        tzdata

COPY --from=installer ["/dotnet", "/usr/share/dotnet"]

# Trigger first run experience by running arbitrary cmd
RUN dotnet help
