# syntax=docker/dockerfile:1
ARG REPO=mcr.microsoft.com/dotnet/sdk
FROM $REPO:0.0.0-trixie-slim-amd64

RUN apt-get update \
    && apt-get install -y --no-install-recommends \
        clang \
        llvm \
        zlib1g-dev \
    && rm -rf /var/lib/apt/lists/*
