# syntax=docker/dockerfile:1
ARG REPO=mcr.microsoft.com/dotnet/sdk
FROM $REPO:0.0.0-alpine3.XX-amd64

RUN apk add --upgrade --no-cache \
        build-base \
        clang \
        zlib-dev
