ARG REPO=mcr.microsoft.com/dotnet/aspnet
# Installer image
FROM arm32v7/buildpack-deps:jammy-curl AS installer

ARG ACCESSTOKEN

# Install .NET SDK
RUN curl --header "Authorization: Bearer $ACCESSTOKEN" --header "x-ms-version: 2017-11-09" --fail --show-error --location --output dotnet.tar.gz https://dotnetstage.blob.core.windows.net/Sdk/0.0.0/dotnet-sdk-0.0.0-linux-arm.tar.gz \
    && dotnet_sha512='{sha512_placeholder}' \
    && echo "$dotnet_sha512  dotnet.tar.gz" | sha512sum -c - \
    && mkdir --parents /dotnet \
    && tar --gzip --extract --no-same-owner --file dotnet.tar.gz --directory /dotnet ./packs ./sdk ./sdk-manifests ./templates ./LICENSE.txt ./ThirdPartyNotices.txt \
    && rm dotnet.tar.gz


# .NET SDK image
FROM $REPO:0.0.0-noble-arm32v7

ENV \
    # Do not generate certificate
    DOTNET_GENERATE_ASPNET_CERTIFICATE=false \
    # Do not show first run text
    DOTNET_NOLOGO=true \
    # SDK version
    DOTNET_SDK_VERSION=0.0.0 \
    # Enable correct mode for dotnet watch (only mode supported in a container)
    DOTNET_USE_POLLING_FILE_WATCHER=true \
    # Skip extraction of XML docs - generally not useful within an image/container - helps performance
    NUGET_XMLDOC_MODE=skip \
    # PowerShell telemetry for docker image usage
    POWERSHELL_DISTRIBUTION_CHANNEL=PSDocker-DotnetSDK-Ubuntu-24.04-arm32 \
    # Workaround for https://github.com/PowerShell/PowerShell/issues/20685
    DOTNET_ROLL_FORWARD=Major

RUN apt-get update \
    && apt-get install -y --no-install-recommends \
        curl \
        git \
        libatomic1 \
        wget \
    && rm -rf /var/lib/apt/lists/*

COPY --from=installer ["/dotnet", "/usr/share/dotnet"]

# Trigger first run experience by running arbitrary cmd
RUN dotnet help

# Install PowerShell global tool
RUN powershell_version=0.0.0 \
    && curl --fail --show-error --location --output PowerShell.Linux.arm32.$powershell_version.nupkg https://powershellinfraartifacts-gkhedzdeaghdezhr.z01.azurefd.net/tool/$powershell_version/PowerShell.Linux.arm32.$powershell_version.nupkg \
    && powershell_sha512='{sha512_placeholder}' \
    && echo "$powershell_sha512  PowerShell.Linux.arm32.$powershell_version.nupkg" | sha512sum -c - \
    && mkdir --parents /usr/share/powershell \
    && dotnet tool install --add-source / --tool-path /usr/share/powershell --version $powershell_version PowerShell.Linux.arm32 \
    && dotnet nuget locals all --clear \
    && rm PowerShell.Linux.arm32.$powershell_version.nupkg \
    && ln -s /usr/share/powershell/pwsh /usr/bin/pwsh \
    && chmod 755 /usr/share/powershell/pwsh \
    # To reduce image size, remove the copy nupkg that nuget keeps.
    && find /usr/share/powershell -print | grep -i '.*[.]nupkg$' | xargs rm
